<html>
<body>
<pre>
<h1>µVision Build Log</h1>
<h2>Tool Versions:</h2>
IDE-Version: µVision V5.31.0.0
Copyright (C) 2020 ARM Ltd and ARM Germany GmbH. All rights reserved.
License Information: nguyen OS, fsoft, LIC=32B1Q-NHVYU-CXPU6-D3DL4-F28WR-77LXE
 
Tool Versions:
Toolchain:       MDK-ARM Plus  Version: 5.31.0.0
Toolchain Path:  C:\Keil_v5\ARM\ARMCLANG\Bin
C Compiler:      ArmClang.exe V6.14
Assembler:       Armasm.exe V6.14
Linker/Locator:  ArmLink.exe V6.14
Library Manager: ArmAr.exe V6.14
Hex Converter:   FromElf.exe V6.14
CPU DLL:         SARMCM3.DLL V5.31.0.0
Dialog DLL:      DCM.DLL V1.17.3.0
Target DLL:      STLink\ST-LINKIII-KEIL_SWO.dll V3.0.7.0
Dialog DLL:      TCM.DLL V1.46.0.0
 
<h2>Project:</h2>
C:\Users\OS\OneDrive - Industrial University of HoChiMinh City\Desktop\Embedded in Automotive\CAN\CAN.uvprojx
Project File Date:  07/21/2023

<h2>Output:</h2>
*** Using Compiler 'V6.14', folder: 'C:\Keil_v5\ARM\ARMCLANG\Bin'
Rebuild target 'Target 1'
C:/Users/OS/AppData/Local/Arm/Packs/Keil/STM32F1xx_DFP/2.4.0/Device/StdPeriph_Driver/src/misc.c(131): warning: implicit conversion loses integer precision: 'uint32_t' (aka 'unsigned int') to 'uint8_t' (aka 'unsigned char') [-Wimplicit-int-conversion]
    NVIC->IP[NVIC_InitStruct->NVIC_IRQChannel] = tmppriority;
                                               ~ ^~~~~~~~~~~
1 warning generated.
compiling misc.c...
main.c(7): warning: In file included from...
C:/Users/OS/AppData/Local/Arm/Packs/Keil/STM32F1xx_DFP/2.4.0/Device/StdPeriph_Driver/inc\stm32f10x_can.h(144): warning: padding size of 'CanTxMsg' with 1 byte to alignment boundary [-Wpadded]
typedef struct
        ^
main.c(138): warning: no previous extern declaration for non-static variable 'TestArray' [-Wmissing-variable-declarations]
uint8_t TestArray[8];
        ^
main.c(138): note: declare 'static' if the variable is not intended to be used outside of this translation unit
uint8_t TestArray[8];
^
main.c(14): warning: unused variable 'CAN_received' [-Wunused-variable]
static uint8_t CAN_received[size];
               ^
3 warnings generated.
compiling main.c...
C:/Users/OS/AppData/Local/Arm/Packs/Keil/STM32F1xx_DFP/2.4.0/Device/StdPeriph_Driver/src/stm32f10x_can.c(22): warning: In file included from...
C:/Users/OS/AppData/Local/Arm/Packs/Keil/STM32F1xx_DFP/2.4.0/Device/StdPeriph_Driver/inc\stm32f10x_can.h(144): warning: padding size of 'CanTxMsg' with 1 byte to alignment boundary [-Wpadded]
typedef struct
        ^
1 warning generated.
compiling stm32f10x_can.c...
compiling stm32f10x_gpio.c...
compiling stm32f10x_rcc.c...
assembling startup_stm32f10x_md.s...
RTE/Device/STM32F103C8/system_stm32f10x.c(166): warning: no previous extern declaration for non-static variable 'AHBPrescTable' [-Wmissing-variable-declarations]
__I uint8_t AHBPrescTable[16] = {0, 0, 0, 0, 0, 0, 0, 0, 1, 2, 3, 4, 6, 7, 8, 9};
            ^
RTE/Device/STM32F103C8/system_stm32f10x.c(166): note: declare 'static' if the variable is not intended to be used outside of this translation unit
__I uint8_t AHBPrescTable[16] = {0, 0, 0, 0, 0, 0, 0, 0, 1, 2, 3, 4, 6, 7, 8, 9};
    ^
1 warning generated.
compiling system_stm32f10x.c...
C:/Users/OS/AppData/Local/Arm/Packs/Keil/STM32F1xx_DFP/2.4.0/Device/StdPeriph_Driver/src/stm32f10x_tim.c(22): warning: In file included from...
C:/Users/OS/AppData/Local/Arm/Packs/Keil/STM32F1xx_DFP/2.4.0/Device/StdPeriph_Driver/inc\stm32f10x_tim.h(50): warning: padding size of 'TIM_TimeBaseInitTypeDef' with 1 byte to alignment boundary [-Wpadded]
typedef struct
        ^
C:/Users/OS/AppData/Local/Arm/Packs/Keil/STM32F1xx_DFP/2.4.0/Device/StdPeriph_Driver/src/stm32f10x_tim.c(725): warning: implicit conversion loses integer precision: 'unsigned int' to 'uint16_t' (aka 'unsigned short') [-Wimplicit-int-conversion]
             TIM_BDTRInitStruct->TIM_Break | TIM_BDTRInitStruct->TIM_BreakPolarity |
             ~~~~~~~~~~~~~~~~~~~~~~~~~~~~~~~~~~~~~~~~~~~~~~~~~~~~~~~~~~~~~~~~~~~~~~^
C:/Users/OS/AppData/Local/Arm/Packs/Keil/STM32F1xx_DFP/2.4.0/Device/StdPeriph_Driver/src/stm32f10x_tim.c(1982): warning: implicit conversion loses integer precision: 'int' to 'uint16_t' (aka 'unsigned short') [-Wimplicit-int-conversion]
  tmp = CCER_CCE_Set << TIM_Channel;
      ~ ~~~~~~~~~~~~~^~~~~~~~~~~~~~
C:/Users/OS/AppData/Local/Arm/Packs/Keil/STM32F1xx_DFP/2.4.0/Device/StdPeriph_Driver/src/stm32f10x_tim.c(2012): warning: implicit conversion loses integer precision: 'int' to 'uint16_t' (aka 'unsigned short') [-Wimplicit-int-conversion]
  tmp = CCER_CCNE_Set << TIM_Channel;
      ~ ~~~~~~~~~~~~~~^~~~~~~~~~~~~~
C:/Users/OS/AppData/Local/Arm/Packs/Keil/STM32F1xx_DFP/2.4.0/Device/StdPeriph_Driver/src/stm32f10x_tim.c(2057): warning: implicit conversion loses integer precision: 'int' to 'uint16_t' (aka 'unsigned short') [-Wimplicit-int-conversion]
  tmp1 = CCER_CCE_Set << (uint16_t)TIM_Channel;
       ~ ~~~~~~~~~~~~~^~~~~~~~~~~~~~~~~~~~~~~~
5 warnings generated.
compiling stm32f10x_tim.c...
linking...
Program Size: Code=2184 RO-data=268 RW-data=8 ZI-data=1648  
".\Objects\CAN.axf" - 0 Error(s), 11 Warning(s).

<h2>Software Packages used:</h2>

Package Vendor: ARM
                http://www.keil.com/pack/ARM.CMSIS.5.7.0.pack
                ARM.CMSIS.5.7.0
                CMSIS (Cortex Microcontroller Software Interface Standard)
   * Component: CORE Version: 5.4.0

Package Vendor: Keil
                http://www.keil.com/pack/Keil.STM32F1xx_DFP.2.4.0.pack
                Keil.STM32F1xx_DFP.2.4.0
                STMicroelectronics STM32F1 Series Device Support, Drivers and Examples
   * Component: Startup Version: 1.0.0
   * Component: CAN Version: 3.6.0
   * Component: Framework Version: 3.6.0
   * Component: GPIO Version: 3.6.0
   * Component: RCC Version: 3.6.0
   * Component: TIM Version: 3.6.0

<h2>Collection of Component include folders:</h2>
  .\RTE\Device\STM32F103C8
  .\RTE\_Target_1
  C:\Users\OS\AppData\Local\Arm\Packs\ARM\CMSIS\5.7.0\CMSIS\Core\Include
  C:\Users\OS\AppData\Local\Arm\Packs\Keil\STM32F1xx_DFP\2.4.0\Device\Include
  C:\Users\OS\AppData\Local\Arm\Packs\Keil\STM32F1xx_DFP\2.4.0\Device\StdPeriph_Driver\inc

<h2>Collection of Component Files used:</h2>

   * Component: ARM::CMSIS:CORE:5.4.0

   * Component: Keil::Device:Startup:1.0.0
      Include file:  RTE_Driver\Config\RTE_Device.h
      Source file:   Device\Source\system_stm32f10x.c
      Source file:   Device\Source\ARM\startup_stm32f10x_md.s
      Source file:   Device\Source\ARM\STM32F1xx_OPT.s

   * Component: Keil::Device:StdPeriph Drivers:CAN:3.6.0
      Include file:  Device\StdPeriph_Driver\inc\stm32f10x_can.h
      Source file:   Device\StdPeriph_Driver\src\stm32f10x_can.c

   * Component: Keil::Device:StdPeriph Drivers:Framework:3.6.0
      Source file:   Device\StdPeriph_Driver\templates\stm32f10x_it.c
      Source file:   Device\StdPeriph_Driver\src\misc.c
      Include file:  Device\StdPeriph_Driver\inc\misc.h
      Source file:   Device\StdPeriph_Driver\templates\stm32f10x_conf.h
      Include file:  Device\StdPeriph_Driver\templates\stm32f10x_it.h

   * Component: Keil::Device:StdPeriph Drivers:GPIO:3.6.0
      Source file:   Device\StdPeriph_Driver\src\stm32f10x_gpio.c
      Include file:  Device\StdPeriph_Driver\inc\stm32f10x_gpio.h

   * Component: Keil::Device:StdPeriph Drivers:RCC:3.6.0
      Include file:  Device\StdPeriph_Driver\inc\stm32f10x_rcc.h
      Source file:   Device\StdPeriph_Driver\src\stm32f10x_rcc.c

   * Component: Keil::Device:StdPeriph Drivers:TIM:3.6.0
      Include file:  Device\StdPeriph_Driver\inc\stm32f10x_tim.h
      Source file:   Device\StdPeriph_Driver\src\stm32f10x_tim.c
Build Time Elapsed:  00:00:02
</pre>
</body>
</html>
